[validthemes.net/site-template/xorim/index.html]
[backblue.gif]
[fade.gif]
[index.html]
[validthemes.net/site-template/xorim/assets/img/favicon.png]
[validthemes.net/site-template/xorim/assets/css/bootstrap.min.css]
[validthemes.net/site-template/xorim/assets/css/magnific-popup.css]
[validthemes.net/site-template/xorim/assets/css/font-awesome.min.css]
[validthemes.net/site-template/xorim/assets/css/swiper-bundle.min.css]
[validthemes.net/site-template/xorim/assets/css/animate.min.css]
[validthemes.net/site-template/xorim/assets/css/validnavs.css]
[validthemes.net/site-template/xorim/assets/css/helper.css]
[validthemes.net/site-template/xorim/assets/css/unit-test.css]
[validthemes.net/site-template/xorim/assets/css/style.css]
[validthemes.net/site-template/xorim/style.css]
[validthemes.net/site-template/xorim/assets/img/shape/2.jpg]
[validthemes.net/site-template/xorim/index-2.html]
[validthemes.net/site-template/xorim/assets/img/logo.png]
[validthemes.net/site-template/xorim/index-dark.html]
[validthemes.net/site-template/xorim/index-side-menu.html]
[validthemes.net/site-template/xorim/index-dark-side-menu.html]
[validthemes.net/site-template/xorim/assets/img/illustration/1.png]
[validthemes.net/site-template/xorim/projects.html]
[validthemes.net/site-template/xorim/assets/img/icon/1.png]
[validthemes.net/site-template/xorim/assets/img/icon/2.png]
[validthemes.net/site-template/xorim/services-details.html]
[validthemes.net/site-template/xorim/assets/img/thumb/1.jpg]
[validthemes.net/site-template/xorim/assets/img/icon/3.png]
[validthemes.net/site-template/xorim/assets/img/thumb/2.jpg]
[validthemes.net/site-template/xorim/assets/img/icon/4.png]
[validthemes.net/site-template/xorim/assets/img/thumb/3.jpg]
[validthemes.net/site-template/xorim/contact.html]
[validthemes.net/site-template/xorim/assets/img/about/2.jpg]
[validthemes.net/site-template/xorim/assets/img/about/1.jpg]
[validthemes.net/site-template/xorim/assets/img/shape/2.png]
[validthemes.net/site-template/xorim/assets/img/icon/5.png]
[validthemes.net/site-template/xorim/assets/img/icon/6.png]
[validthemes.net/site-template/xorim/assets/img/icon/7.png]
[validthemes.net/site-template/xorim/assets/img/icon/8.png]
[validthemes.net/site-template/xorim/assets/img/icon/9.png]
[validthemes.net/site-template/xorim/assets/img/icon/10.png]
[validthemes.net/site-template/xorim/assets/img/icon/11.png]
[validthemes.net/site-template/xorim/assets/img/shape/6.png]
[validthemes.net/site-template/xorim/assets/img/icon/12.png]
[validthemes.net/site-template/xorim/assets/img/icon/13.png]
[validthemes.net/site-template/xorim/assets/img/icon/15.png]
[validthemes.net/site-template/xorim/assets/img/icon/14.png]
[validthemes.net/site-template/xorim/assets/img/portfolio/1.jpg]
[validthemes.net/site-template/xorim/project-details.html]
[validthemes.net/site-template/xorim/assets/img/portfolio/2.jpg]
[validthemes.net/site-template/xorim/assets/img/portfolio/3.jpg]
[validthemes.net/site-template/xorim/assets/img/portfolio/4.jpg]
[validthemes.net/site-template/xorim/assets/img/team/1.jpg]
[validthemes.net/site-template/xorim/assets/img/team/2.jpg]
[validthemes.net/site-template/xorim/assets/img/team/3.jpg]
[validthemes.net/site-template/xorim/assets/img/illustration/3.png]
[validthemes.net/site-template/xorim/assets/img/icon/17.png]
[validthemes.net/site-template/xorim/assets/img/illustration/4.png]
[validthemes.net/site-template/xorim/assets/img/partner/6.png]
[validthemes.net/site-template/xorim/assets/img/partner/7.png]
[validthemes.net/site-template/xorim/assets/img/partner/1.png]
[validthemes.net/site-template/xorim/assets/img/partner/3.png]
[validthemes.net/site-template/xorim/assets/img/partner/4.png]
[validthemes.net/site-template/xorim/assets/img/icon/arrow.png]
[validthemes.net/site-template/xorim/assets/img/shape/8.png]
[validthemes.net/site-template/xorim/assets/img/illustration/5.png]
[validthemes.net/site-template/xorim/assets/img/blog/1.jpg]
[validthemes.net/site-template/xorim/blog-single-with-sidebar.html]
[validthemes.net/site-template/xorim/assets/img/blog/4.jpg]
[validthemes.net/site-template/xorim/assets/img/blog/3.jpg]
[validthemes.net/site-template/xorim/assets/js/jquery-3.6.0.min.js]
[validthemes.net/site-template/xorim/assets/js/bootstrap.bundle.min.js]
[validthemes.net/site-template/xorim/assets/js/jquery.appear.js]
[validthemes.net/site-template/xorim/assets/js/jquery.easing.min.js]
[validthemes.net/site-template/xorim/assets/js/swiper-bundle.min.js]
[validthemes.net/site-template/xorim/assets/js/progress-bar.min.js]
[validthemes.net/site-template/xorim/assets/js/wow.min.js]
[validthemes.net/site-template/xorim/assets/js/isotope.pkgd.min.js]
[validthemes.net/site-template/xorim/assets/js/imagesloaded.pkgd.min.js]
[validthemes.net/site-template/xorim/assets/js/magnific-popup.min.js]
[validthemes.net/site-template/xorim/assets/js/jquery.waypoints.js]
[validthemes.net/site-template/xorim/assets/js/count-to.js]
[validthemes.net/site-template/xorim/assets/js/YTPlayer.min.js]
[validthemes.net/site-template/xorim/assets/js/validnavs.js]
[validthemes.net/site-template/xorim/assets/js/gsap.js]
[validthemes.net/site-template/xorim/assets/js/ScrollTrigger.min.js]
[validthemes.net/site-template/xorim/assets/js/typed.js]
[validthemes.net/site-template/xorim/index.html]
[validthemes.net/site-template/xorim/assets/js/main.js]
[validthemes.net/site-template/xorim/assets/css/bootstrap.min.css]
[validthemes.net/site-template/xorim/assets/fonts/fa-brands-400.eot]
[validthemes.net/site-template/xorim/assets/fonts/fa-brands-400d41d.eot]
[validthemes.net/site-template/xorim/assets/fonts/fa-brands-400.woff2]
[validthemes.net/site-template/xorim/assets/fonts/fa-brands-400.woff]
[validthemes.net/site-template/xorim/assets/fonts/fa-brands-400.ttf]
[validthemes.net/site-template/xorim/assets/fonts/fa-brands-400.svg]
[validthemes.net/site-template/xorim/assets/fonts/fa-duotone-900.eot]
[validthemes.net/site-template/xorim/assets/fonts/fa-duotone-900d41d.eot]
[validthemes.net/site-template/xorim/assets/fonts/fa-duotone-900.woff2]
[validthemes.net/site-template/xorim/assets/fonts/fa-duotone-900.woff]
[validthemes.net/site-template/xorim/assets/fonts/fa-duotone-900.ttf]
[validthemes.net/site-template/xorim/assets/fonts/fa-duotone-900.svg]
[validthemes.net/site-template/xorim/assets/fonts/fa-light-300.eot]
[validthemes.net/site-template/xorim/assets/fonts/fa-light-300d41d.eot]
[validthemes.net/site-template/xorim/assets/fonts/fa-light-300.woff2]
[validthemes.net/site-template/xorim/assets/fonts/fa-light-300.woff]
[validthemes.net/site-template/xorim/assets/fonts/fa-light-300.ttf]
[validthemes.net/site-template/xorim/assets/fonts/fa-light-300.svg]
[validthemes.net/site-template/xorim/assets/fonts/fa-regular-400.eot]
[validthemes.net/site-template/xorim/assets/fonts/fa-regular-400d41d.eot]
[validthemes.net/site-template/xorim/assets/fonts/fa-regular-400.woff2]
[validthemes.net/site-template/xorim/assets/fonts/fa-regular-400.woff]
[validthemes.net/site-template/xorim/assets/fonts/fa-regular-400.ttf]
[validthemes.net/site-template/xorim/assets/fonts/fa-regular-400.svg]
[validthemes.net/site-template/xorim/assets/fonts/fa-solid-900.eot]
[validthemes.net/site-template/xorim/assets/fonts/fa-solid-900d41d.eot]
[validthemes.net/site-template/xorim/assets/fonts/fa-solid-900.woff2]
[validthemes.net/site-template/xorim/assets/fonts/fa-solid-900.woff]
[validthemes.net/site-template/xorim/assets/fonts/fa-solid-900.ttf]
[validthemes.net/site-template/xorim/assets/fonts/fa-solid-900.svg]
[validthemes.net/site-template/xorim/assets/css/font-awesome.min.css]
[validthemes.net/site-template/xorim/assets/css/magnific-popup.css]
[validthemes.net/site-template/xorim/assets/css/swiper-bundle.min.css]
[validthemes.net/site-template/xorim/assets/css/animate.min.css]
[validthemes.net/site-template/xorim/assets/css/validnavs.css]
[validthemes.net/site-template/xorim/assets/css/helper.css]
[validthemes.net/site-template/xorim/assets/css/unit-test.css]
[validthemes.net/site-template/xorim/assets/img/shape/35.png]
[validthemes.net/site-template/xorim/assets/img/shape/1.png]
[validthemes.net/site-template/xorim/assets/img/shape/3.png]
[validthemes.net/site-template/xorim/assets/img/shape/4.png]
[validthemes.net/site-template/xorim/assets/img/icon/check-mark.png]
[validthemes.net/site-template/xorim/assets/css/style.css]
[validthemes.net/site-template/xorim/style.css]
[validthemes.net/site-template/xorim/index-2.html]
[validthemes.net/site-template/xorim/assets/img/shape/3.jpg]
[validthemes.net/site-template/xorim/assets/img/logo-light.png]
[validthemes.net/site-template/xorim/assets/img/icon/wp.png]
[validthemes.net/site-template/xorim/assets/img/shape/5.png]
[validthemes.net/site-template/xorim/assets/img/team/4.jpg]
[validthemes.net/site-template/xorim/assets/img/partner/6-light.png]
[validthemes.net/site-template/xorim/assets/img/partner/7-light.png]
[validthemes.net/site-template/xorim/assets/img/partner/1-light.png]
[validthemes.net/site-template/xorim/assets/img/partner/3-light.png]
[validthemes.net/site-template/xorim/assets/img/partner/4-light.png]
[validthemes.net/site-template/xorim/index-dark.html]
[validthemes.net/site-template/xorim/assets/img/icon/twitter.png]
[validthemes.net/site-template/xorim/index-7.html]
[validthemes.net/site-template/xorim/index-side-menu.html]
[validthemes.net/site-template/xorim/index-dark-side-menu.html]
[validthemes.net/site-template/xorim/projects.html]
[validthemes.net/site-template/xorim/services-details.html]
[validthemes.net/site-template/xorim/contact.html]
[validthemes.net/site-template/xorim/project-details.html]
[validthemes.net/site-template/xorim/blog-standard.html]
[validthemes.net/site-template/xorim/blog-single-with-sidebar.html]
[validthemes.net/site-template/xorim/assets/js/jquery-3.6.0.min.js]
[validthemes.net/site-template/xorim/assets/js/bootstrap.bundle.min.js]
[validthemes.net/site-template/xorim/assets/js/jquery.appear.js]
[validthemes.net/site-template/xorim/assets/js/jquery.easing.min.js]
[validthemes.net/site-template/xorim/assets/js/swiper-bundle.min.js]
[validthemes.net/site-template/xorim/assets/js/progress-bar.min.js]
[validthemes.net/site-template/xorim/assets/js/wow.min.js]
[validthemes.net/site-template/xorim/assets/js/isotope.pkgd.min.js]
[validthemes.net/site-template/xorim/assets/js/imagesloaded.pkgd.min.js]
[validthemes.net/site-template/xorim/assets/js/magnific-popup.min.js]
[validthemes.net/site-template/xorim/assets/js/jquery.waypoints.js]
[validthemes.net/site-template/xorim/assets/js/count-to.js]
[validthemes.net/site-template/xorim/assets/js/YTPlayer.min.js]
[validthemes.net/site-template/xorim/assets/js/validnavs.js]
[validthemes.net/site-template/xorim/assets/js/gsap.js]
[validthemes.net/site-template/xorim/assets/js/ScrollTrigger.min.js]
[validthemes.net/site-template/xorim/assets/js/typed.js]
[validthemes.net/site-template/xorim/assets/js/main.js]
[validthemes.net/site-template/xorim/assets/fonts/fa-brands-400.html]
[validthemes.net/site-template/xorim/assets/fonts/fa-duotone-900.html]
[validthemes.net/site-template/xorim/assets/fonts/fa-duotone-900d41d.html]
[validthemes.net/site-template/xorim/assets/fonts/fa-duotone-901.html]
[validthemes.net/site-template/xorim/assets/fonts/fa-duotone-902.html]
[validthemes.net/site-template/xorim/assets/fonts/fa-light-300.html]
[validthemes.net/site-template/xorim/assets/fonts/fa-light-300d41d.html]
[validthemes.net/site-template/xorim/assets/fonts/fa-light-301.html]
[validthemes.net/site-template/xorim/assets/fonts/fa-light-302.html]
[validthemes.net/site-template/xorim/assets/fonts/fa-regular-400.html]
[validthemes.net/site-template/xorim/assets/fonts/fa-solid-900.html]
[validthemes.net/site-template/xorim/assets/img/shape/35.html]
[validthemes.net/site-template/xorim/index-7.html]
[validthemes.net/site-template/xorim/service.html]
[validthemes.net/site-template/xorim/resume.html]
[validthemes.net/site-template/xorim/pricing.html]
[validthemes.net/site-template/xorim/assets/img/banner/3.html]
[validthemes.net/site-template/xorim/assets/img/banner/1.html]
[validthemes.net/site-template/xorim/assets/img/portfolio/5.html]
[validthemes.net/site-template/xorim/assets/img/portfolio/6.html]
[validthemes.net/site-template/xorim/assets/img/portfolio/7.html]
[validthemes.net/site-template/xorim/assets/img/banner/2.html]
[validthemes.net/site-template/xorim/assets/img/blog/v2.html]
[validthemes.net/site-template/xorim/blog-with-sidebar.html]
[validthemes.net/site-template/xorim/assets/img/gallery/1.html]
[validthemes.net/site-template/xorim/assets/img/gallery/2.html]
[validthemes.net/site-template/xorim/assets/img/gallery/3.html]
[validthemes.net/site-template/xorim/assets/img/gallery/6.html]
[validthemes.net/site-template/xorim/assets/img/gallery/4.html]
[validthemes.net/site-template/xorim/assets/img/gallery/5.html]
[validthemes.net/site-template/xorim/blog-standard.html]
